---
- path: "Runner_mobilize(test)/jobs"
  state: working
  count: 1
  confirmed_ats: []
- path: "Runner_mobilize(test)/jobs/hdfs1/stage1"
  state: working
  count: 1
  confirmed_ats: []
- path: "Runner_mobilize(test)/jobs/hdfs1/stage2"
  state: working
  count: 1
  confirmed_ats: []
- path: "Runner_mobilize(test)/jobs/hdfs1/stage3"
  state: working
  count: 1
  confirmed_ats: []
